// Jest Snapshot v1, https://goo.gl/fbAQLP

exports[`CreateSportField View 1`] = `
<DocumentFragment>
  <div
    class="css-2dm21w-CreateSportField"
  >
    <form>
      <div
        class="css-fzhjnh-CreateSportField"
      >
        <label
          class="css-1vx6px3-Label"
          for="name"
        >
          Name
        </label>
        <input
          aria-label="enter name"
          autocomplete="off"
          class="css-s3z14w-Input"
          id="name"
          name="name"
          placeholder="Sports field's name"
          required=""
          type="text"
          value=""
        />
      </div>
      <div
        class="css-fzhjnh-CreateSportField"
      >
        <label
          class="css-1vx6px3-Label"
          for="description"
        >
          Description
        </label>
        <input
          aria-label="enter description"
          class="css-s3z14w-Input"
          id="description"
          name="description"
          placeholder="Sports field's description"
          required=""
          type="text"
          value=""
        />
      </div>
      <div
        class="css-fzhjnh-CreateSportField"
      >
        <label
          class="css-1vx6px3-Label"
          for="image"
        >
          Image(s)
        </label>
        <input
          aria-label="choose image"
          class="css-s3z14w-Input"
          id="image"
          name="image"
          required=""
          type="file"
        />
      </div>
      <div
        class="css-fzhjnh-CreateSportField"
      >
        <label
          class="css-1vx6px3-Label"
        >
          Prices
        </label>
        <div
          class="css-111oolb-CreateSportField"
        >
          <label
            class="css-ypeytr-CreateSportField"
            for="price_day"
          >
            Day: 
          </label>
          <input
            aria-label="enter price-day"
            class="css-uqawe0-CreateSportField"
            id="price_day"
            name="price_day"
            required=""
            type="number"
            value=""
          />
        </div>
        <div
          class="css-111oolb-CreateSportField"
        >
          <label
            class="css-ypeytr-CreateSportField"
            for="price_night"
          >
            Night:
          </label>
          <input
            aria-label="enter price-night"
            class="css-uqawe0-CreateSportField"
            id="price_night"
            name="price_night"
            required=""
            type="number"
            value=""
          />
        </div>
      </div>
      <div
        class="css-fzhjnh-CreateSportField"
      >
        <button
          class="css-lrasnk-Button"
        >
          Create
        </button>
      </div>
    </form>
  </div>
</DocumentFragment>
`;
